TASK=S1-PASSIVE-MODEL-R1
WORKDIR=D:\Desktop\my_project\Simulation of Anti-Sway Control for a UAV-Suspended Multi-Link Cutting Device under Wind Disturbances

1. Preflight:
   git status --porcelain -> empty; exit 0
   git rev-parse HEAD -> c1b7808badcf30475a43728139f7c3e71e3b1b5b; exit 0
   git remote -v -> origin https://github.com/canimiliya/uav-multilink-antisway-control.git; exit 0
   git submodule status -> 9eb1a2dcfe438ce7b4c4cd119072e4f3d8a6a816; exit 0
   git -C third_party/udaan status --porcelain -> empty; exit 0
   git -C third_party/udaan rev-parse HEAD -> 9eb1a2dcfe438ce7b4c4cd119072e4f3d8a6a816; exit 0

2. Environment:
   conda activate uav_sway (host Conda equivalent); exit 0
   python --version -> Python 3.11.15; exit 0
   python -c "import mujoco; print(mujoco.__version__)" -> 3.0.1; exit 0
   python -c "import udaan; print(udaan.__version__)" -> 1.3.0; exit 0

3. Frozen upstream regression:
   pytest -q third_party/udaan/tests -> 226 passed in 18.53s; exit 0
   official baseline: udaan run quad-payload -t 10 -c links -> process ended after normal window close; stdout: Running quad-payload (mujoco, links) for 10.0s ...; no traceback; exit 0

4. Project installation and generation:
   python -m pip install -e . -> exit 0
   python scripts/build_models.py --configs configs/model_4link.yaml configs/model_5link.yaml configs/model_6link.yaml --output-dir artifacts/s1/generated -> exit 0
   generated and loaded model_4link.xml, model_5link.xml, model_6link.xml -> exit 0

5. Passive validation:
   python scripts/run_s1_passive.py --config configs/model_5link.yaml --initial-angle-deg 10 --duration 15 --output-dir artifacts/s1 -> exit 0
   python scripts/run_s1_passive.py --config configs/model_5link.yaml --initial-angle-deg 10 --duration 15 --render --output-dir artifacts/s1 -> exit 0
   static five-link 5 s, initial angle 0 deg -> finite; max angle 0; max velocity 0; tip horizontal drift 0 m; exit 0
   state snapshot/replay 250+1000 steps -> qpos 1.5265566588595902e-16, qvel 8.326672684688674e-17, tip 3.885780586188048e-16; exit 0

6. Final tests:
   pytest -q tests -> 5 passed in 0.75s; exit 0
   pytest -q third_party/udaan/tests -> 226 passed in 18.53s; exit 0

7. Recovered failures are preserved in artifacts/s1/failure.log.

[2026-08-06] D:\anaconda\envs\uav_sway\python.exe scripts/run_s1_passive.py --config configs/model_5link.yaml --initial-angle-deg 10 --duration 15 --output-dir artifacts/s1
EXIT_CODE=0

[2026-08-06] D:\anaconda\envs\uav_sway\python.exe scripts/run_s1_passive.py --config configs/model_5link.yaml --initial-angle-deg 10 --duration 15 --output-dir artifacts/s1 (rerun after timestamp normalization)
EXIT_CODE=0

[2026-08-06] D:\anaconda\envs\uav_sway\python.exe scripts/run_s1_passive.py --config configs/model_5link.yaml --initial-angle-deg 10 --duration 15 --output-dir artifacts/s1 (final timestamp precision rerun)
EXIT_CODE=0

[2026-08-06] D:\anaconda\envs\uav_sway\python.exe scripts/run_s1_passive.py --config configs/model_5link.yaml --initial-angle-deg 10 --duration 15 --render --output-dir artifacts/s1
EXIT_CODE=0

[2026-08-06] D:\anaconda\envs\uav_sway\python.exe -m pytest -q tests
EXIT_CODE=1

[2026-08-06] D:\anaconda\envs\uav_sway\python.exe -m pytest -q third_party/udaan/tests
EXIT_CODE=0

[2026-08-06] pytest -q tests (uav_sway environment)
EXIT_CODE=1

[2026-08-06] pytest -q third_party/udaan/tests (uav_sway environment)
EXIT_CODE=0

[2026-08-06] independent CSV/JSON RMS recomputation
EXIT_CODE=0

[2026-08-06] D:\anaconda\envs\uav_sway\python.exe scripts/run_s1_passive.py --config configs/model_5link.yaml --initial-angle-deg 10 --duration 15 --output-dir artifacts/s1 (final field-order rerun)
EXIT_CODE=0

[2026-08-06] D:\anaconda\envs\uav_sway\python.exe scripts/run_s1_passive.py --config configs/model_5link.yaml --initial-angle-deg 10 --duration 15 --render --output-dir artifacts/s1 (final field-order rerun)
EXIT_CODE=0

[2026-08-06] pytest -q tests (final field-order source)
EXIT_CODE=1

[2026-08-06] pytest -q third_party/udaan/tests (final field-order source)
EXIT_CODE=0

TASK=S1-M400-PARAMETER-REBASE-R1
START_HEAD=c49e750549b71337af10c6a6fbd82ab10bb6ba2b
WORKDIR=D:\Desktop\my_project\Simulation of Anti-Sway Control for a UAV-Suspended Multi-Link Cutting Device under Wind Disturbances

[2026-08-06] git status --porcelain -> empty; exit 0
[2026-08-06] git rev-parse HEAD -> c49e750549b71337af10c6a6fbd82ab10bb6ba2b; exit 0
[2026-08-06] git submodule status -> 9eb1a2dcfe438ce7b4c4cd119072e4f3d8a6a816; exit 0
[2026-08-06] git -C third_party/udaan status --porcelain -> empty; exit 0
[2026-08-06] D:\anaconda\envs\uav_sway\python.exe --version -> Python 3.11.15; exit 0
[2026-08-06] python -c "import mujoco; print(mujoco.__version__)" -> 3.0.1; exit 0

[2026-08-06] python scripts/build_models.py --configs configs/model_4link.yaml configs/model_5link.yaml configs/model_6link.yaml --output-dir artifacts/s1/generated
EXIT_CODE=1 on first attempt: MuJoCo rejected zero-mass quadrotor appearance geoms while inertiafromgeom was true.
Recovery: set project-owned compiler inertiafromgeom=false and added explicit positive inertials for the M400 body, each rigid link, and the box cutter. No timestep, damping, friction, source, or upstream file was changed.
EXIT_CODE=0 on rerun; all three XML files generated and loaded.

[2026-08-06] python scripts/run_s1_passive.py --config configs/model_5link.yaml --initial-angle-deg 10 --duration 15 --output-dir artifacts/s1
EXIT_CODE=0
[2026-08-06] python scripts/run_s1_passive.py --config configs/model_5link.yaml --initial-angle-deg 10 --duration 15 --render --output-dir artifacts/s1
EXIT_CODE=0
[2026-08-06] pytest -q tests
PROJECT_PYTEST_EXIT_CODE=0; 8 passed
[2026-08-06] pytest -q third_party/udaan/tests
UPSTREAM_PYTEST_EXIT_CODE=0; 226 passed
[2026-08-06] independent CSV/JSON RMS and parameter summary checks
EXIT_CODE=0
[2026-08-06] python scripts/build_models.py --configs configs/model_4link.yaml configs/model_5link.yaml configs/model_6link.yaml --output-dir artifacts/s1/generated (final summary regeneration)
EXIT_CODE=0
[2026-08-06] python scripts/run_s1_passive.py --config configs/model_5link.yaml --initial-angle-deg 10 --duration 15 --output-dir artifacts/s1 (final rerun)
EXIT_CODE=0
[2026-08-06] python scripts/run_s1_passive.py --config configs/model_5link.yaml --initial-angle-deg 10 --duration 15 --render --output-dir artifacts/s1 (final rerun)
EXIT_CODE=0
[2026-08-06] pytest -q tests (final test source)
PROJECT_PYTEST_EXIT_CODE=0; 8 passed
[2026-08-06] pytest -q third_party/udaan/tests (final test source)
UPSTREAM_PYTEST_EXIT_CODE=0; 226 passed
