TASK=S1-PASSIVE-MODEL-R1
RECOVERED_FAILURES=true

1. First build-model invocation exited 1 with ModuleNotFoundError: No module named 'uav_sway'.
   Recovery: installed this project editable with `python -m pip install -e .`; no source scope was expanded.

2. First project pytest invocation exited 1 because MuJoCo exposes joint damping and friction loss through dof_damping and dof_frictionloss, not jnt_damping/jnt_frictionloss.
   Recovery: corrected the project test's read-only inspection path; no model or upstream source was changed.

3. First --render invocation exited 1 because MuJoCo 3.0.1 Renderer has no close() method.
   Recovery: removed that incompatible call and reran the exact render command successfully.

The recovered S1 implementation failures remain recorded here. The later evidence-fix
run is recorded below; its project threshold test is expected to fail because the
corrected decay ratio is above the frozen 0.60 limit.

4. Evidence-fix run with the static vertical equilibrium reference produced
   initial_tip_rms=0.2786653699733282 m,
   final_tip_rms=0.18235283967882696 m, and
   decay_ratio=0.6543792639045191. The frozen threshold test failed with exit 1;
   no model parameter, duration, timestep, or initial state was changed.

5. The independent CSV/JSON recomputation test passed, and the upstream regression
   remained 226 passed with exit 0.

TASK=S1-M400-PARAMETER-REBASE-R1

6. First M400 generation attempt exited 1 because MuJoCo rejected the
   zero-mass appearance geoms when inertiafromgeom was true. Recovery was made
   only in the project generator: inertiafromgeom was set false and explicit
   positive inertials were added for the M400 body, rigid links, and cutter.
   No protected configuration, timestep, damping, friction, or upstream source
   was changed. The rerun generated and loaded all three models with exit 0.
